------------------------------------------------------------
TimeQuest Timing Analyzer Summary
------------------------------------------------------------

Type  : Slow 1100mV 85C Model Setup 'clk'
Slack : -2.060
TNS   : -332.392

Type  : Slow 1100mV 85C Model Hold 'clk'
Slack : 0.301
TNS   : 0.000

Type  : Slow 1100mV 85C Model Recovery 'clk'
Slack : -0.012
TNS   : -0.026

Type  : Slow 1100mV 85C Model Removal 'clk'
Slack : 0.536
TNS   : 0.000

Type  : Slow 1100mV 85C Model Minimum Pulse Width 'clk'
Slack : -0.369
TNS   : -96.096

Type  : Slow 1100mV 0C Model Setup 'clk'
Slack : -1.788
TNS   : -287.454

Type  : Slow 1100mV 0C Model Hold 'clk'
Slack : 0.283
TNS   : 0.000

Type  : Slow 1100mV 0C Model Recovery 'clk'
Slack : 0.074
TNS   : 0.000

Type  : Slow 1100mV 0C Model Removal 'clk'
Slack : 0.500
TNS   : 0.000

Type  : Slow 1100mV 0C Model Minimum Pulse Width 'clk'
Slack : -0.369
TNS   : -97.331

Type  : Fast 1100mV 0C Model Setup 'clk'
Slack : -0.987
TNS   : -148.794

Type  : Fast 1100mV 0C Model Hold 'clk'
Slack : 0.197
TNS   : 0.000

Type  : Fast 1100mV 0C Model Recovery 'clk'
Slack : 0.350
TNS   : 0.000

Type  : Fast 1100mV 0C Model Removal 'clk'
Slack : 0.348
TNS   : 0.000

Type  : Fast 1100mV 0C Model Minimum Pulse Width 'clk'
Slack : 0.151
TNS   : 0.000

------------------------------------------------------------
